contig_A	CAA	3																1	85	84	-1	-1
contig_B	CGA	3																1	85	84	-1	-1
contig_C	TTA	3																1	85	84	-1	-1
